// Jest Snapshot v1, https://goo.gl/fbAQLP

exports[`ProductTitle should display the component correctly with the custom title 1`] = `
<span
  className="productDescription custom-class"
>
  Custom Title
</span>
`;

exports[`ProductTitle should display the component with the product name 1`] = `
<div
  className="productCard undefined"
>
  <span
    className="productDescription undefined"
  >
    Coffee Mug - Without image
  </span>
</div>
`;
